// Jest Snapshot v1, https://goo.gl/fbAQLP

exports[`TodoItem xd 1`] = `
<div>
  <li
    class="list-group-item d-flex justify-content-between"
  >
    <span
      class="align-self-center  "
    />
    <button
      class="btn btn-danger"
    >
      Borrar
    </button>
  </li>
</div>
`;
